// Jest Snapshot v1, https://goo.gl/fbAQLP

exports[`Company component Company snapshot 1`] = `
Object {
  "asFragment": [Function],
  "baseElement": <body>
    <div>
      <div
        class="company"
      >
        <div
          class="company__brand"
        >
          <div
            class="Apple"
          />
          <div
            class="company__name"
          >
            Apple
          </div>
        </div>
        <p
          class="company__price"
        >
          137.33
          $
        </p>
        <div
          class="company__down"
        >
          <p>
            0.35
            %
          </p>
          <div
            class="company__down_logo"
          />
        </div>
        <div
          class="company__change_down"
        >
          -
          171.57
          $
        </div>
        <button
          class="company__btn"
          type="button"
        >
          +
        </button>
      </div>
    </div>
  </body>,
  "container": <div>
    <div
      class="company"
    >
      <div
        class="company__brand"
      >
        <div
          class="Apple"
        />
        <div
          class="company__name"
        >
          Apple
        </div>
      </div>
      <p
        class="company__price"
      >
        137.33
        $
      </p>
      <div
        class="company__down"
      >
        <p>
          0.35
          %
        </p>
        <div
          class="company__down_logo"
        />
      </div>
      <div
        class="company__change_down"
      >
        -
        171.57
        $
      </div>
      <button
        class="company__btn"
        type="button"
      >
        +
      </button>
    </div>
  </div>,
  "debug": [Function],
  "findAllByAltText": [Function],
  "findAllByDisplayValue": [Function],
  "findAllByLabelText": [Function],
  "findAllByPlaceholderText": [Function],
  "findAllByRole": [Function],
  "findAllByTestId": [Function],
  "findAllByText": [Function],
  "findAllByTitle": [Function],
  "findByAltText": [Function],
  "findByDisplayValue": [Function],
  "findByLabelText": [Function],
  "findByPlaceholderText": [Function],
  "findByRole": [Function],
  "findByTestId": [Function],
  "findByText": [Function],
  "findByTitle": [Function],
  "getAllByAltText": [Function],
  "getAllByDisplayValue": [Function],
  "getAllByLabelText": [Function],
  "getAllByPlaceholderText": [Function],
  "getAllByRole": [Function],
  "getAllByTestId": [Function],
  "getAllByText": [Function],
  "getAllByTitle": [Function],
  "getByAltText": [Function],
  "getByDisplayValue": [Function],
  "getByLabelText": [Function],
  "getByPlaceholderText": [Function],
  "getByRole": [Function],
  "getByTestId": [Function],
  "getByText": [Function],
  "getByTitle": [Function],
  "queryAllByAltText": [Function],
  "queryAllByDisplayValue": [Function],
  "queryAllByLabelText": [Function],
  "queryAllByPlaceholderText": [Function],
  "queryAllByRole": [Function],
  "queryAllByTestId": [Function],
  "queryAllByText": [Function],
  "queryAllByTitle": [Function],
  "queryByAltText": [Function],
  "queryByDisplayValue": [Function],
  "queryByLabelText": [Function],
  "queryByPlaceholderText": [Function],
  "queryByRole": [Function],
  "queryByTestId": [Function],
  "queryByText": [Function],
  "queryByTitle": [Function],
  "rerender": [Function],
  "unmount": [Function],
}
`;
